[listenpony.com/index.html]
[backblue.gif]
[fade.gif]
[index.html]
[listenpony.com/index.html]
[listenpony.com/events/index.html]
[listenpony.com/events/index.html]
[listenpony.com/media/index.html]
[listenpony.com/record-label/index.html]
[listenpony.com/commissions/index.html]
[listenpony.com/record-label/index.html]
[listenpony.com/about/index.html]
[listenpony.com/media/index.html]
[listenpony.com/events/archive/2021/index.html]
[listenpony.com/events/archive/2018/index.html]
[listenpony.com/events/archive/2019/index.html]
[listenpony.com/events/archive/2017/index.html]
[listenpony.com/events/archive/2014/index.html]
[listenpony.com/events/archive/2016/index.html]
[listenpony.com/events/archive/2015/index.html]
[listenpony.com/events/archive/2013/index.html]
[listenpony.com/commissions/william-marsey/daybed-melody.html]
[listenpony.com/events/archive/2012/index.html]
[listenpony.com/events/listenpony-22-10th-anniversary-concert/index.html]
[listenpony.com/commissions/blasio-kavuma/signification-ii.html]
[listenpony.com/events/listenpony-21-james-larter-explore-ensemble-sophie-jamieson/index.html]
[listenpony.com/record-label/listenpony-sessions-george-xiaoyuan-fu/index.html]
[listenpony.com/record-label/live-listenpony-tabea-debus/index.html]
[listenpony.com/record-label/live-listenpony-duo-bayanello/index.html]
[listenpony.com/record-label/live-listenpony-nas-duo/index.html]
[listenpony.com/record-label/live-listenpony-hart/index.html]
[listenpony.com/record-label/live-listenpony-laefer-quartet/index.html]
[listenpony.com/commissions/sean-clancy/there-was-a-telephone-sean-clancy.html]
[listenpony.com/record-label/live-listenpony-mainly-two/index.html]
[listenpony.com/commissions/2017-2016/index.html]
[listenpony.com/commissions/2019-2018/index.html]
[listenpony.com/commissions/index.html]
[listenpony.com/cdn-cgi/l/email-protection.html]
[listenpony.com/commissions/2013-2012/index.html]
[listenpony.com/commissions/2015-2014/index.html]
[listenpony.com/events/listenpony-20-exaudi-samuele-telari-maya-youssef/index.html]
[listenpony.com/cdn-cgi/scripts/5c5dd728/cloudflare-static/email-decode.min.js]
[listenpony.com/about/index.html]
[listenpony.com/events/archive/2021/index.html]
[listenpony.com/events/archive/2019/index.html]
[listenpony.com/events/archive/2018/index.html]
[listenpony.com/events/listenpony-18-jess-dandy-simon-desbruslais-chloe-foy/index.html]
[listenpony.com/events/listenpony-17-tabea-debus-apartment-house-addelam/index.html]
[listenpony.com/events/archive/2017/index.html]
[listenpony.com/events/listenpony-19-ligeti-quartet-joseph-havlat-ana-silvera/index.html]
[listenpony.com/events/archive/2016/index.html]
[listenpony.com/events/listenpony-16-george-fu-la-vaghezza/index.html]
[listenpony.com/events/archive/2015/index.html]
[listenpony.com/events/listenpony-15-laura-snowden-duo-bayanello-nina-harries/index.html]
[listenpony.com/events/listenpony-14-stephen-upshaw-magnard-ensemble-james-canty/index.html]
[listenpony.com/events/archive/2014/index.html]
[listenpony.com/events/listenpony-11-eo-nomine-mainly-two-hart/index.html]
[listenpony.com/events/archive/2013/index.html]
[listenpony.com/events/listenpony-13-the-albion-quartet-nas-duo-misha-mullov-abbado/index.html]
[listenpony.com/events/listenpony-10-abstruckt-vickers-bovey-tir-eolas/index.html]
[listenpony.com/events/archive/2012/index.html]
[listenpony.com/events/listenpony-12-liam-byrne-the-laefer-quartet-mara-carlyle/index.html]
[listenpony.com/events/listenpony-22-10th-anniversary-concert/index.html]
[listenpony.com/events/listenpony-9-tamsin-waley-cohen-the-hermes-experiment-we-were-evergreen/index.html]
[listenpony.com/events/listenpony-7-with-kate-simko-tone-of-arc/index.html]
[listenpony.com/events/listenpony-8-with-ensemble-wow-tor-cesay/index.html]
[listenpony.com/events/listenpony-21-james-larter-explore-ensemble-sophie-jamieson/index.html]
[listenpony.com/events/listenpony-6-with-anima/index.html]
[listenpony.com/record-label/listenpony-sessions-george-xiaoyuan-fu/index.html]
[listenpony.com/events/listenpony-3/index.html]
[listenpony.com/events/listenpony-4/index.html]
[listenpony.com/events/listenpony-5/index.html]
[listenpony.com/record-label/live-listenpony-tabea-debus/index.html]
[listenpony.com/record-label/live-listenpony-duo-bayanello/index.html]
[listenpony.com/record-label/live-listenpony-nas-duo/index.html]
[listenpony.com/record-label/live-listenpony-laefer-quartet/index.html]
[listenpony.com/record-label/live-listenpony-hart/index.html]
[listenpony.com/record-label/live-listenpony-mainly-two/index.html]
[listenpony.com/events/listenpony-2/index.html]
[listenpony.com/events/listenpony-1/index.html]
[listenpony.com/commissions/2022-2020/index.html]
[listenpony.com/commissions/joseph-howard/building-house.html]
[listenpony.com/commissions/josephine-stephenson/ghost-opera-extracts.html]
[listenpony.com/commissions/ruta-vitkauskaite/intuit-ventures.html]
[listenpony.com/commissions/egidija-medeksaite/textile-no-6.html]
[listenpony.com/commissions/william-marsey/two-things-home.html]
[listenpony.com/commissions/aigerim-seilova/besik-jyry.html]
[listenpony.com/commissions/janet-oates/just-a-walk.html]
[listenpony.com/commissions/william-marsey/psalms-22-and-23.html]
[listenpony.com/commissions/freya-waley-cohen/caffeine.html]
[listenpony.com/commissions/liam-mattison/penrose.html]
[listenpony.com/commissions/alex-paxton/tellsong.html]
[listenpony.com/commissions/william-marsey/lady-her-toilet.html]
[listenpony.com/commissions/joanna-ward/in-connection-with.html]
[listenpony.com/commissions/daniel-fardon/preludes.html]
[listenpony.com/commissions/robin-richards/rebellion.html]
[listenpony.com/commissions/josephine-stephenson/enero.html]
[listenpony.com/commissions/william-marsey/for-grace-after-a-party.html]
[listenpony.com/commissions/phi-bui/persimmon-leaves.html]
[listenpony.com/commissions/lise-morrison/tracing.html]
[listenpony.com/commissions/2019-2018/index.html]
[listenpony.com/commissions/freya-waley-cohen/water.html]
[listenpony.com/commissions/cameron-dodds/musical-reimagining-epic-1889-french-novel-victoire-et-appoline-ou-comment-ecrire-une-biographie-historique-desmond-codar-condensed-six-short-minutes.html]
[listenpony.com/commissions/ewan-campbell/misinformation-machine.html]
[listenpony.com/commissions/william-marsey/40-days-and-40-nights.html]
[listenpony.com/commissions/freya-waley-cohen/blu-tack.html]
[listenpony.com/commissions/ivan-vukosavljevic/ghost.html]
[listenpony.com/commissions/elischa-kaminer/songjew-cactus-saxophone.html]
[listenpony.com/commissions/finnur-karlsson/ten-days-around-midwinter.html]
[listenpony.com/commissions/william-marsey/doctor.html]
[listenpony.com/commissions/emre-sihan-kaleli/funeral-music.html]
[listenpony.com/commissions/erica-telisnor/bridge.html]
[listenpony.com/commissions/alastair-putt/tombeau.html]
[listenpony.com/commissions/freya-waley-cohen/unbridling.html]
[listenpony.com/commissions/ryan-latimer/because-bee-may-blameless-hum.html]
[listenpony.com/commissions/william-marsey/daughters-lonesome-isle.html]
[listenpony.com/commissions/dani-howard/symmetry.html]
[listenpony.com/commissions/lawrence-dunn/your-wits-e-la.html]
[listenpony.com/commissions/2017-2016/index.html]
[listenpony.com/commissions/josephine-stephenson/all-casual-bits-and-scraps-assembled.html]
[listenpony.com/commissions/william-marsey/chorale.html]
[listenpony.com/commissions/beni-giles/deaf-echo.html]
[listenpony.com/commissions/freya-waley-cohen/glass.html]
[listenpony.com/commissions/tom-rose/her-bronze-back.html]
[listenpony.com/commissions/freya-waley-cohen/unveil.html]
[listenpony.com/commissions/william-marsey/crisis-poem.html]
[listenpony.com/commissions/2015-2014/index.html]
[listenpony.com/commissions/josephine-stephenson/if-nomen-boat.html]
[listenpony.com/commissions/gareth-moorcraft/prisma.html]
[listenpony.com/commissions/alex-brusentsev/in-mourning.html]
[listenpony.com/commissions/2013-2012/index.html]
[listenpony.com/commissions/william-marsey/daybed-melody.html]
[listenpony.com/commissions/blasio-kavuma/signification-ii.html]
[listenpony.com/commissions/sean-clancy/there-was-a-telephone-sean-clancy.html]
[listenpony.com/events/listenpony-20-exaudi-samuele-telari-maya-youssef/index.html]
[listenpony.com/cdn-cgi/styles/cf.errors.css]
[listenpony.com/cdn-cgi/l/email-protection.html]
[listenpony.com/events/listenpony-19-ligeti-quartet-joseph-havlat-ana-silvera/index.html]
[listenpony.com/events/listenpony-18-jess-dandy-simon-desbruslais-chloe-foy/index.html]
[listenpony.com/events/listenpony-17-tabea-debus-apartment-house-addelam/index.html]
[listenpony.com/events/listenpony-16-george-fu-la-vaghezza/index.html]
[listenpony.com/events/listenpony-15-laura-snowden-duo-bayanello-nina-harries/index.html]
[listenpony.com/events/listenpony-14-stephen-upshaw-magnard-ensemble-james-canty/index.html]
[listenpony.com/events/listenpony-13-the-albion-quartet-nas-duo-misha-mullov-abbado/index.html]
[listenpony.com/events/listenpony-12-liam-byrne-the-laefer-quartet-mara-carlyle/index.html]
[listenpony.com/events/listenpony-11-eo-nomine-mainly-two-hart/index.html]
[listenpony.com/events/listenpony-10-abstruckt-vickers-bovey-tir-eolas/index.html]
[listenpony.com/events/listenpony-9-tamsin-waley-cohen-the-hermes-experiment-we-were-evergreen/index.html]
[listenpony.com/events/listenpony-8-with-ensemble-wow-tor-cesay/index.html]
[listenpony.com/events/listenpony-7-with-kate-simko-tone-of-arc/index.html]
[listenpony.com/events/listenpony-6-with-anima/index.html]
[listenpony.com/events/listenpony-5/index.html]
[listenpony.com/events/listenpony-4/index.html]
[listenpony.com/events/listenpony-3/index.html]
[listenpony.com/events/listenpony-2/index.html]
[listenpony.com/events/listenpony-1/index.html]
[listenpony.com/commissions/2022-2020/index.html]
[listenpony.com/commissions/joseph-howard/building-house.html]
[listenpony.com/commissions/josephine-stephenson/ghost-opera-extracts.html]
[listenpony.com/commissions/ruta-vitkauskaite/intuit-ventures.html]
[listenpony.com/commissions/egidija-medeksaite/textile-no-6.html]
[listenpony.com/commissions/william-marsey/two-things-home.html]
[listenpony.com/commissions/aigerim-seilova/besik-jyry.html]
[listenpony.com/commissions/janet-oates/just-a-walk.html]
[listenpony.com/commissions/william-marsey/psalms-22-and-23.html]
[listenpony.com/commissions/freya-waley-cohen/caffeine.html]
[listenpony.com/commissions/liam-mattison/penrose.html]
[listenpony.com/commissions/alex-paxton/tellsong.html]
[listenpony.com/commissions/william-marsey/wmarsey.bandcamp.com]
[listenpony.com/commissions/william-marsey/lady-her-toilet.html]
[listenpony.com/commissions/joanna-ward/in-connection-with.html]
[listenpony.com/commissions/daniel-fardon/preludes.html]
[listenpony.com/commissions/robin-richards/rebellion.html]
[listenpony.com/commissions/josephine-stephenson/enero.html]
[listenpony.com/commissions/william-marsey/for-grace-after-a-party.html]
[listenpony.com/commissions/phi-bui/persimmon-leaves.html]
[listenpony.com/commissions/lise-morrison/tracing.html]
[listenpony.com/commissions/freya-waley-cohen/water.html]
[listenpony.com/commissions/cameron-dodds/musical-reimagining-epic-1889-french-novel-victoire-et-appoline-ou-comment-ecrire-une-biographie-historique-desmond-codar-condensed-six-short-minutes.html]
[listenpony.com/commissions/ewan-campbell/misinformation-machine.html]
[listenpony.com/commissions/william-marsey/40-days-and-40-nights.html]
[listenpony.com/commissions/freya-waley-cohen/blu-tack.html]
[listenpony.com/commissions/ivan-vukosavljevic/ghost.html]
[listenpony.com/commissions/elischa-kaminer/songjew-cactus-saxophone.html]
[listenpony.com/commissions/finnur-karlsson/ten-days-around-midwinter.html]
[listenpony.com/commissions/william-marsey/doctor.html]
[listenpony.com/commissions/emre-sihan-kaleli/funeral-music.html]
[listenpony.com/commissions/erica-telisnor/bridge.html]
[listenpony.com/commissions/alastair-putt/tombeau.html]
[listenpony.com/commissions/freya-waley-cohen/unbridling.html]
[listenpony.com/commissions/ryan-latimer/because-bee-may-blameless-hum.html]
[listenpony.com/commissions/william-marsey/daughters-lonesome-isle.html]
[listenpony.com/commissions/dani-howard/symmetry.html]
[listenpony.com/commissions/lawrence-dunn/your-wits-e-la.html]
[listenpony.com/commissions/josephine-stephenson/all-casual-bits-and-scraps-assembled.html]
[listenpony.com/commissions/william-marsey/chorale.html]
[listenpony.com/commissions/beni-giles/deaf-echo.html]
[listenpony.com/commissions/freya-waley-cohen/glass.html]
[listenpony.com/commissions/tom-rose/her-bronze-back.html]
[listenpony.com/commissions/freya-waley-cohen/unveil.html]
[listenpony.com/commissions/william-marsey/crisis-poem.html]
[listenpony.com/commissions/josephine-stephenson/if-nomen-boat.html]
[listenpony.com/commissions/gareth-moorcraft/prisma.html]
[listenpony.com/commissions/alex-brusentsev/in-mourning.html]
[listenpony.com/cdn-cgi/images/icon-exclamation111f.png]
[listenpony.com/cdn-cgi/images/cf-icon-horizontal-arrow.png]
[listenpony.com/cdn-cgi/images/browser-bar111f.png]
[listenpony.com/cdn-cgi/images/cf-no-screenshot-warn.png]
[listenpony.com/cdn-cgi/images/cf-no-screenshot-error.png]
[listenpony.com/cdn-cgi/images/cf-icon-ok.png]
[listenpony.com/cdn-cgi/images/cf-icon-error.png]
[listenpony.com/cdn-cgi/images/cf-icon-browser.png]
[listenpony.com/cdn-cgi/images/cf-icon-cloud.png]
[listenpony.com/cdn-cgi/images/cf-icon-server.png]
[listenpony.com/cdn-cgi/styles/cf.errors.css]
[listenpony.com/commissions/william-marsey/wmarsey.bandcamp.html]
